Archive member included because of file (symbol)

./px4demo_attitude_control20190311gps_rtwlib.lib(px4demo_attitude_control20190311gps.o)
                              px4demo_attitude_system20190504_gps.o (px4demo_attitude_control20_Init)
../slprj/ert/_sharedutils/rtwshared.lib(rt_roundf_snf.o)
                              ./px4demo_attitude_control20190311gps_rtwlib.lib(px4demo_attitude_control20190311gps.o) (rt_roundf_snf)
../slprj/ert/_sharedutils/rtwshared.lib(rt_nonfinite.o)
                              px4demo_attitude_system20190504_gps.o (rt_InitInfAndNaN)
../slprj/ert/_sharedutils/rtwshared.lib(rt_roundd_snf.o)
                              px4demo_attitude_system20190504_gps.o (rt_roundd_snf)
../slprj/ert/_sharedutils/rtwshared.lib(rtGetInf.o)
                              ../slprj/ert/_sharedutils/rtwshared.lib(rt_nonfinite.o) (rtGetInf)
../slprj/ert/_sharedutils/rtwshared.lib(rtGetNaN.o)
                              ../slprj/ert/_sharedutils/rtwshared.lib(rt_nonfinite.o) (rtGetNaN)

Memory Configuration

Name             Origin             Length             Attributes
*default*        0x00000000         0xffffffff

Linker script and memory map

LOAD PX4_sysobj_serial.o
LOAD px4demo_attitude_system20190504_gps.o
LOAD nuttxinitialize.o
LOAD ert_main.o
START GROUP
LOAD ./px4demo_attitude_control20190311gps_rtwlib.lib
END GROUP
LOAD ../slprj/ert/_sharedutils/rtwshared.lib

.interp
 *(.interp)

.note.gnu.build-id
 *(.note.gnu.build-id)

.hash
 *(.hash)

.gnu.hash
 *(.gnu.hash)

.dynsym
 *(.dynsym)

.dynstr
 *(.dynstr)

.gnu.version
 *(.gnu.version)

.gnu.version_d
 *(.gnu.version_d)

.gnu.version_r
 *(.gnu.version_r)

.rel.init
 *(.rel.init)

.rela.init
 *(.rela.init)

.rel.text
 *(.rel.text)

.rela.text
 *(.rela.text)

.rel.fini
 *(.rel.fini)

.rela.fini
 *(.rela.fini)

.rel.rodata
 *(.rel.rodata)

.rela.rodata
 *(.rela.rodata)

.rel.data.rel.ro
 *(.rel.data.rel.ro)

.rela.data.rel.ro
 *(.rela.data.rel.ro)

.rel.data
 *(.rel.data)

.rela.data
 *(.rela.data)

.rel.tdata
 *(.rel.tdata)

.rela.tdata
 *(.rela.tdata)

.rel.tbss
 *(.rel.tbss)

.rela.tbss
 *(.rela.tbss)

.rel.ctors
 *(.rel.ctors)

.rela.ctors
 *(.rela.ctors)

.rel.dtors
 *(.rel.dtors)

.rela.dtors
 *(.rela.dtors)

.rel.got
 *(.rel.got)

.rela.got
 *(.rela.got)

.rel.bss
 *(.rel.bss)

.rela.bss
 *(.rela.bss)

.rel.iplt
 *(.rel.iplt)

.rela.iplt
 *(.rela.iplt)

.rel.plt
 *(.rel.plt)

.rela.plt
 *(.rela.plt)

.init
 *(.init)

.plt
 *(.plt)

.iplt
 *(.iplt)

.text           0x00000000     0x5810
 *(.text .stub)
 .text          0x00000000      0x594 PX4_sysobj_serial.o
                0x00000000                MW_openSerialPort
                0x00000124                MW_closeSerialPort
                0x000001b8                initSerial
                0x000003a4                MW_writeSerial
                0x000003d4                MW_writeSerial_Header
                0x00000420                MW_readSerial
                0x0000045c                MW_readSerial_TermCheck
                0x00000560                termSerial
 *fill*         0x00000594        0x4 00000000
 .text          0x00000598     0x1c50 px4demo_attitude_system20190504_gps.o
                0x00000de4                px4demo_attitude_system20190504_gps_step
                0x00001b44                px4demo_attitude_system20190504_gps_initialize
                0x00001ffc                px4demo_attitude_system20190504_gps_terminate
 .text          0x000021e8      0x678 nuttxinitialize.o
                0x000021e8                setTaskPeriod
                0x0000234c                myWaitForThisEvent
                0x00002380                myAddBlockForThisEvent
                0x000023f8                nuttxRTOSInit
 .text          0x00002860      0x418 ert_main.o
                0x00002860                baseRateTask
                0x000028f4                exitTask
                0x00002910                terminateTask
                0x00002990                SpawnThreads_Task
                0x000029e8                ShutDown_Procedure
                0x00002a88                px4_simulink_app_main
 .text          0x00002c78     0x2680 ./px4demo_attitude_control20190311gps_rtwlib.lib(px4demo_attitude_control20190311gps.o)
                0x00002c78                px4demo_attitud_MATLABFunction1
                0x00002cb4                px4demo_attitud_MATLABFunction2
                0x00002cf4                px4demo_attitude_contr_pwm_out1
                0x00002ec0                px4demo_attitude_control20_Init
                0x00002ee4                px4demo_attitude_control2019031
                0x00005290                px4demo_attitude_con_initialize
 .text          0x000052f8       0xd8 ../slprj/ert/_sharedutils/rtwshared.lib(rt_roundf_snf.o)
                0x000052f8                rt_roundf_snf
 .text          0x000053d0      0x1a0 ../slprj/ert/_sharedutils/rtwshared.lib(rt_nonfinite.o)
                0x000053d0                rt_InitInfAndNaN
                0x00005464                rtIsInf
                0x000054b8                rtIsInfF
                0x0000550c                rtIsNaN
                0x0000553c                rtIsNaNF
 .text          0x00005570       0xf8 ../slprj/ert/_sharedutils/rtwshared.lib(rt_roundd_snf.o)
                0x00005570                rt_roundd_snf
 .text          0x00005668      0x114 ../slprj/ert/_sharedutils/rtwshared.lib(rtGetInf.o)
                0x00005668                rtGetInf
                0x000056d0                rtGetInfF
                0x000056f0                rtGetMinusInf
                0x00005758                rtGetMinusInfF
 .text          0x0000577c       0x94 ../slprj/ert/_sharedutils/rtwshared.lib(rtGetNaN.o)
                0x0000577c                rtGetNaN
                0x000057e4                rtGetNaNF
 *(.gnu.warning)

.fini
 *(.fini)

.rodata         0x00000000      0x80c
 *(.rodata)
 .rodata        0x00000000       0xf4 PX4_sysobj_serial.o
 .rodata        0x000000f4      0x22c px4demo_attitude_system20190504_gps.o
                0x00000105                px4demo_attitude_system20190504_gps_U8GND
                0x00000108                px4demo_attitude_system20190_M
 .rodata        0x00000320      0x2d4 nuttxinitialize.o
 .rodata        0x000005f4      0x208 ert_main.o
 .rodata        0x000007fc       0x10 ./px4demo_attitude_control20190311gps_rtwlib.lib(px4demo_attitude_control20190311gps.o)

.rodata1
 *(.rodata1)

.ARM.extab
 *(.ARM.extab)

.ARM.exidx
 *(.ARM.exidx)

.eh_frame_hdr
 *(.eh_frame_hdr)

.eh_frame
 *(.eh_frame)

.gcc_except_table
 *(.gcc_except_table .gcc_except_table.*)

.exception_ranges
 *(.exception_ranges .exception_ranges*)

.eh_frame
 *(.eh_frame)

.gcc_except_table
 *(.gcc_except_table .gcc_except_table.*)

.exception_ranges
 *(.exception_ranges .exception_ranges*)

.tdata
 *(.tdata)

.tbss
 *(.tbss)

.preinit_array
 *(.preinit_array)

.jcr
 *(.jcr)

.dynamic
 *(.dynamic)

.got
 *(.got.plt)
 *(.igot.plt)
 *(.got)
 *(.igot)

.data           0x00000000        0x8
 *(.data)
 .data          0x00000000        0x0 PX4_sysobj_serial.o
 .data          0x00000000        0x8 px4demo_attitude_system20190504_gps.o
                0x00000000                g_pwm_device
                0x00000004                g_pwm_fd
 .data          0x00000008        0x0 nuttxinitialize.o
 .data          0x00000008        0x0 ert_main.o
 .data          0x00000008        0x0 ./px4demo_attitude_control20190311gps_rtwlib.lib(px4demo_attitude_control20190311gps.o)
 .data          0x00000008        0x0 ../slprj/ert/_sharedutils/rtwshared.lib(rt_roundf_snf.o)
 .data          0x00000008        0x0 ../slprj/ert/_sharedutils/rtwshared.lib(rt_nonfinite.o)
 .data          0x00000008        0x0 ../slprj/ert/_sharedutils/rtwshared.lib(rt_roundd_snf.o)
 .data          0x00000008        0x0 ../slprj/ert/_sharedutils/rtwshared.lib(rtGetInf.o)
 .data          0x00000008        0x0 ../slprj/ert/_sharedutils/rtwshared.lib(rtGetNaN.o)

.data1
 *(.data1)

.bss            0x00000000      0x4b8
 *(.dynbss)
 *(.bss)
 .bss           0x00000000       0x50 PX4_sysobj_serial.o
                0x00000000                FdArray
                0x00000028                DeviceNameList
 .bss           0x00000050      0x3a0 px4demo_attitude_system20190504_gps.o
                0x00000050                g_pwm_enabled
                0x00000054                px4demo_attitude_sys_TimingBrdg
                0x00000070                px4demo_attitude_system201905_B
                0x00000180                px4demo_attitude_system20190_DW
                0x000003d0                px4demo_attitude_system20190_M_
 .bss           0x000003f0       0x50 nuttxinitialize.o
                0x000003f0                attr
                0x00000408                g_sp
                0x0000040c                g_baseRateLife
                0x00000410                BaseRate_HRT
                0x00000430                EXT_sig_info
 .bss           0x00000440       0x3c ert_main.o
                0x00000440                stopSem
                0x0000044c                termSem
                0x00000458                baserateTaskSem
                0x00000464                Thread_Spawner_Task_Sem
                0x00000470                terminateThread
                0x00000472                schedulerThread
                0x00000474                baseRateThread
                0x00000478                subratePriority
 .bss           0x0000047c       0x10 ./px4demo_attitude_control20190311gps_rtwlib.lib(px4demo_attitude_control20190311gps.o)
                0x0000047c                px4demo_attitude_cont_GlobalTID
                0x00000488                px4demo_attitude_con_TimingBrdg
 .bss           0x0000048c        0x0 ../slprj/ert/_sharedutils/rtwshared.lib(rt_roundf_snf.o)
 *fill*         0x0000048c        0x4 00
 .bss           0x00000490       0x28 ../slprj/ert/_sharedutils/rtwshared.lib(rt_nonfinite.o)
                0x00000490                rtInf
                0x00000498                rtMinusInf
                0x000004a0                rtNaN
                0x000004a8                rtInfF
                0x000004ac                rtMinusInfF
                0x000004b0                rtNaNF
 .bss           0x000004b8        0x0 ../slprj/ert/_sharedutils/rtwshared.lib(rt_roundd_snf.o)
 .bss           0x000004b8        0x0 ../slprj/ert/_sharedutils/rtwshared.lib(rtGetInf.o)
 .bss           0x000004b8        0x0 ../slprj/ert/_sharedutils/rtwshared.lib(rtGetNaN.o)
 *(COMMON)

.stab
 *(.stab)

.stabstr
 *(.stabstr)

.stab.excl
 *(.stab.excl)

.stab.exclstr
 *(.stab.exclstr)

.stab.index
 *(.stab.index)

.stab.indexstr
 *(.stab.indexstr)

.comment        0x00000000      0x46a
 *(.comment)
 .comment       0x00000000       0x71 PX4_sysobj_serial.o
 .comment       0x00000071       0x71 px4demo_attitude_system20190504_gps.o
 .comment       0x000000e2       0x71 nuttxinitialize.o
 .comment       0x00000153       0x71 ert_main.o
 .comment       0x000001c4       0x71 ./px4demo_attitude_control20190311gps_rtwlib.lib(px4demo_attitude_control20190311gps.o)
 .comment       0x00000235       0x71 ../slprj/ert/_sharedutils/rtwshared.lib(rt_roundf_snf.o)
 .comment       0x000002a6       0x71 ../slprj/ert/_sharedutils/rtwshared.lib(rt_nonfinite.o)
 .comment       0x00000317       0x71 ../slprj/ert/_sharedutils/rtwshared.lib(rt_roundd_snf.o)
 .comment       0x00000388       0x71 ../slprj/ert/_sharedutils/rtwshared.lib(rtGetInf.o)
 .comment       0x000003f9       0x71 ../slprj/ert/_sharedutils/rtwshared.lib(rtGetNaN.o)

.debug
 *(.debug)

.line
 *(.line)

.debug_srcinfo
 *(.debug_srcinfo)

.debug_sfnames
 *(.debug_sfnames)

.debug_aranges
 *(.debug_aranges)

.debug_pubnames
 *(.debug_pubnames)

.debug_info
 *(.debug_info)

.debug_abbrev
 *(.debug_abbrev)

.debug_line
 *(.debug_line)

.debug_frame
 *(.debug_frame)

.debug_str
 *(.debug_str)

.debug_loc
 *(.debug_loc)

.debug_macinfo
 *(.debug_macinfo)

.debug_weaknames
 *(.debug_weaknames)

.debug_funcnames
 *(.debug_funcnames)

.debug_typenames
 *(.debug_typenames)

.debug_varnames
 *(.debug_varnames)

.debug_pubtypes
 *(.debug_pubtypes)

.debug_ranges
 *(.debug_ranges)

.stack
 *(.stack)

.ARM.attributes
                0x00000000       0x3b
 *(.ARM.attributes)
 .ARM.attributes
                0x00000000       0x3b PX4_sysobj_serial.o
 .ARM.attributes
                0x0000003b       0x3b px4demo_attitude_system20190504_gps.o
 .ARM.attributes
                0x00000076       0x3b nuttxinitialize.o
 .ARM.attributes
                0x000000b1       0x3b ert_main.o
 .ARM.attributes
                0x000000ec       0x3b ./px4demo_attitude_control20190311gps_rtwlib.lib(px4demo_attitude_control20190311gps.o)
 .ARM.attributes
                0x00000127       0x3b ../slprj/ert/_sharedutils/rtwshared.lib(rt_roundf_snf.o)
 .ARM.attributes
                0x00000162       0x3b ../slprj/ert/_sharedutils/rtwshared.lib(rt_nonfinite.o)
 .ARM.attributes
                0x0000019d       0x3b ../slprj/ert/_sharedutils/rtwshared.lib(rt_roundd_snf.o)
 .ARM.attributes
                0x000001d8       0x3b ../slprj/ert/_sharedutils/rtwshared.lib(rtGetInf.o)
 .ARM.attributes
                0x00000213       0x3b ../slprj/ert/_sharedutils/rtwshared.lib(rtGetNaN.o)
 *(.gnu.attributes)

.note.gnu.arm.ident
 *(.note.gnu.arm.ident)
OUTPUT(../px4demo_attitude_system20190504_gps.pre.o elf32-littlearm)
